{
  "version": "1.5.0",
  "plugins_used": [
    {
      "name": "ArtifactoryDetector"
    },
    {
      "name": "AWSKeyDetector"
    },
    {
      "name": "AzureStorageKeyDetector"
    },
    {
      "name": "Base64HighEntropyString",
      "limit": 4.5
    },
    {
      "name": "BasicAuthDetector"
    },
    {
      "name": "CloudantDetector"
    },
    {
      "name": "DiscordBotTokenDetector"
    },
    {
      "name": "GitHubTokenDetector"
    },
    {
      "name": "GitLabTokenDetector"
    },
    {
      "name": "HexHighEntropyString",
      "limit": 3.0
    },
    {
      "name": "IbmCloudIamDetector"
    },
    {
      "name": "IbmCosHmacDetector"
    },
    {
      "name": "IPPublicDetector"
    },
    {
      "name": "JwtTokenDetector"
    },
    {
      "name": "KeywordDetector",
      "keyword_exclude": ""
    },
    {
      "name": "MailchimpDetector"
    },
    {
      "name": "NpmDetector"
    },
    {
      "name": "OpenAIDetector"
    },
    {
      "name": "PrivateKeyDetector"
    },
    {
      "name": "PypiTokenDetector"
    },
    {
      "name": "SendGridDetector"
    },
    {
      "name": "SlackDetector"
    },
    {
      "name": "SoftlayerDetector"
    },
    {
      "name": "SquareOAuthDetector"
    },
    {
      "name": "StripeDetector"
    },
    {
      "name": "TelegramBotTokenDetector"
    },
    {
      "name": "TwilioKeyDetector"
    }
  ],
  "filters_used": [
    {
      "path": "detect_secrets.filters.allowlist.is_line_allowlisted"
    },
    {
      "path": "detect_secrets.filters.common.is_baseline_file",
      "filename": ".secrets.baseline"
    },
    {
      "path": "detect_secrets.filters.heuristic.is_indirect_reference"
    },
    {
      "path": "detect_secrets.filters.heuristic.is_likely_id_string"
    },
    {
      "path": "detect_secrets.filters.heuristic.is_lock_file"
    },
    {
      "path": "detect_secrets.filters.heuristic.is_not_alphanumeric_string"
    },
    {
      "path": "detect_secrets.filters.heuristic.is_potential_uuid"
    },
    {
      "path": "detect_secrets.filters.heuristic.is_prefixed_with_dollar_sign"
    },
    {
      "path": "detect_secrets.filters.heuristic.is_sequential_string"
    },
    {
      "path": "detect_secrets.filters.heuristic.is_swagger_file"
    },
    {
      "path": "detect_secrets.filters.heuristic.is_templated_secret"
    },
    {
      "path": "detect_secrets.filters.regex.should_exclude_file",
      "pattern": [
        ".secrets.baseline",
        "\\.git/.*"
      ]
    }
  ],
  "results": {
    ".github/workflows/reusable-build-push.yml": [
      {
        "type": "Secret Keyword",
        "filename": ".github/workflows/reusable-build-push.yml",
        "hashed_secret": "031a83a9995f1410249ebb6ae1928d4150afa5df",
        "is_verified": false,
        "line_number": 211,
        "is_secret": false
      },
      {
        "type": "Secret Keyword",
        "filename": ".github/workflows/reusable-build-push.yml",
        "hashed_secret": "69d3283ac0b544c64423dd18236a7bc7b2170681",
        "is_verified": false,
        "line_number": 403,
        "is_secret": false
      }
    ],
    ".github/workflows/reusable-canary-deploy.yml": [
      {
        "type": "Secret Keyword",
        "filename": ".github/workflows/reusable-canary-deploy.yml",
        "hashed_secret": "f3cc6bae72c39f71f41d14496654dc5a26dcdab4",
        "is_verified": false,
        "line_number": 110,
        "is_secret": false
      }
    ],
    ".github/workflows/reusable-deploy.yml": [
      {
        "type": "Secret Keyword",
        "filename": ".github/workflows/reusable-deploy.yml",
        "hashed_secret": "f3cc6bae72c39f71f41d14496654dc5a26dcdab4",
        "is_verified": false,
        "line_number": 92,
        "is_secret": false
      }
    ],
    ".github/workflows/reusable-notify.yml": [
      {
        "type": "Secret Keyword",
        "filename": ".github/workflows/reusable-notify.yml",
        "hashed_secret": "06c45f4c36407f21955c64bbd6d395be8838752b",
        "is_verified": false,
        "line_number": 174,
        "is_secret": false
      },
      {
        "type": "Secret Keyword",
        "filename": ".github/workflows/reusable-notify.yml",
        "hashed_secret": "93af8edb0ecc3432d8a7866180cb27cf7fdf0f9e",
        "is_verified": false,
        "line_number": 293,
        "is_secret": false
      }
    ],
    ".github/workflows/reusable-pact-verify.yml": [
      {
        "type": "Secret Keyword",
        "filename": ".github/workflows/reusable-pact-verify.yml",
        "hashed_secret": "a94a8fe5ccb19ba61c4c0873d391e987982fbbd3",
        "is_verified": false,
        "line_number": 77,
        "is_secret": false
      },
      {
        "type": "Basic Auth Credentials",
        "filename": ".github/workflows/reusable-pact-verify.yml",
        "hashed_secret": "a94a8fe5ccb19ba61c4c0873d391e987982fbbd3",
        "is_verified": false,
        "line_number": 186,
        "is_secret": false
      },
      {
        "type": "Secret Keyword",
        "filename": ".github/workflows/reusable-pact-verify.yml",
        "hashed_secret": "a4de59c1dc8af485058416b905966c82b9ed1b03",
        "is_verified": false,
        "line_number": 193,
        "is_secret": false
      }
    ],
    ".github/workflows/reusable-release-extended.yml": [
      {
        "type": "Secret Keyword",
        "filename": ".github/workflows/reusable-release-extended.yml",
        "hashed_secret": "c7be8914646cbd765df0e3d089a781709464b950",
        "is_verified": false,
        "line_number": 275,
        "is_secret": false
      },
      {
        "type": "Secret Keyword",
        "filename": ".github/workflows/reusable-release-extended.yml",
        "hashed_secret": "89a8316b93908eaab99cf5daf518e67985dfe256",
        "is_verified": false,
        "line_number": 321,
        "is_secret": false
      },
      {
        "type": "Secret Keyword",
        "filename": ".github/workflows/reusable-release-extended.yml",
        "hashed_secret": "9e38ba2a15a109eac4438271dd84fe670d57b5b1",
        "is_verified": false,
        "line_number": 365,
        "is_secret": false
      }
    ],
    ".github/workflows/reusable-security-scan.yml": [
      {
        "type": "Secret Keyword",
        "filename": ".github/workflows/reusable-security-scan.yml",
        "hashed_secret": "69d3283ac0b544c64423dd18236a7bc7b2170681",
        "is_verified": false,
        "line_number": 279,
        "is_secret": false
      }
    ],
    ".github/workflows/reusable-test-elixir-matrix.yml": [
      {
        "type": "Secret Keyword",
        "filename": ".github/workflows/reusable-test-elixir-matrix.yml",
        "hashed_secret": "5031e05901e9fa1231c8f39282dc242aa97c631f",
        "is_verified": false,
        "line_number": 49,
        "is_secret": false
      },
      {
        "type": "Secret Keyword",
        "filename": ".github/workflows/reusable-test-elixir-matrix.yml",
        "hashed_secret": "afc848c316af1a89d49826c5ae9d00ed769415f3",
        "is_verified": false,
        "line_number": 75,
        "is_secret": false
      },
      {
        "type": "Basic Auth Credentials",
        "filename": ".github/workflows/reusable-test-elixir-matrix.yml",
        "hashed_secret": "afc848c316af1a89d49826c5ae9d00ed769415f3",
        "is_verified": false,
        "line_number": 97,
        "is_secret": false
      }
    ],
    ".github/workflows/reusable-test-elixir.yml": [
      {
        "type": "Secret Keyword",
        "filename": ".github/workflows/reusable-test-elixir.yml",
        "hashed_secret": "5031e05901e9fa1231c8f39282dc242aa97c631f",
        "is_verified": false,
        "line_number": 68,
        "is_secret": false
      },
      {
        "type": "Secret Keyword",
        "filename": ".github/workflows/reusable-test-elixir.yml",
        "hashed_secret": "afc848c316af1a89d49826c5ae9d00ed769415f3",
        "is_verified": false,
        "line_number": 89,
        "is_secret": false
      },
      {
        "type": "Basic Auth Credentials",
        "filename": ".github/workflows/reusable-test-elixir.yml",
        "hashed_secret": "afc848c316af1a89d49826c5ae9d00ed769415f3",
        "is_verified": false,
        "line_number": 111,
        "is_secret": false
      }
    ],
    ".github/workflows/reusable-test-go.yml": [
      {
        "type": "Secret Keyword",
        "filename": ".github/workflows/reusable-test-go.yml",
        "hashed_secret": "afc848c316af1a89d49826c5ae9d00ed769415f3",
        "is_verified": false,
        "line_number": 86,
        "is_secret": false
      },
      {
        "type": "Basic Auth Credentials",
        "filename": ".github/workflows/reusable-test-go.yml",
        "hashed_secret": "afc848c316af1a89d49826c5ae9d00ed769415f3",
        "is_verified": false,
        "line_number": 105,
        "is_secret": false
      }
    ],
    ".github/workflows/reusable-test.yml": [
      {
        "type": "Secret Keyword",
        "filename": ".github/workflows/reusable-test.yml",
        "hashed_secret": "a94a8fe5ccb19ba61c4c0873d391e987982fbbd3",
        "is_verified": false,
        "line_number": 72,
        "is_secret": false
      },
      {
        "type": "Basic Auth Credentials",
        "filename": ".github/workflows/reusable-test.yml",
        "hashed_secret": "a94a8fe5ccb19ba61c4c0873d391e987982fbbd3",
        "is_verified": false,
        "line_number": 182,
        "is_secret": false
      },
      {
        "type": "Secret Keyword",
        "filename": ".github/workflows/reusable-test.yml",
        "hashed_secret": "a4de59c1dc8af485058416b905966c82b9ed1b03",
        "is_verified": false,
        "line_number": 190,
        "is_secret": false
      }
    ],
    "TECHNICAL-DEBT.md": [
      {
        "type": "IBM Cloud IAM Key",
        "filename": "TECHNICAL-DEBT.md",
        "hashed_secret": "fe5e9299755f4254bbf733439bff904cfb5e1942",
        "is_verified": false,
        "line_number": 575,
        "is_secret": false
      },
      {
        "type": "IBM Cloud IAM Key",
        "filename": "TECHNICAL-DEBT.md",
        "hashed_secret": "a6e82124bb2ef211121f411fe2bcfd6e2012ed9e",
        "is_verified": false,
        "line_number": 576,
        "is_secret": false
      }
    ]
  },
  "generated_at": "2026-09-07T16:27:00Z"
}
